20180815
20180816
